// Jest Snapshot v1, https://goo.gl/fbAQLP

exports[`Error Should render correctly 1`] = `
<div
  className="alert alert-danger alert-dismissible fade show"
>
  <strong>
    Error:
  </strong>
   
  .
  <button
    className="close"
    data-dismiss="alert"
    type="button"
  >
    ×
  </button>
</div>
`;

exports[`Loading Should render correctly 1`] = `
<div
  className="modal-mask"
>
  <div
    className="loading d-flex justify-content-center"
  >
    <div
      className="spinner-grow text-secondary"
      role="status"
    >
      <span
        className="sr-only"
      >
        Loading...
      </span>
    </div>
  </div>
</div>
`;
