// Jest Snapshot v1, https://goo.gl/fbAQLP

exports[`App Should render correctly 1`] = `
<App>
  <div
    id="container"
  >
    <div
      className="author"
    >
      Jimmy Bui
    </div>
    <Jobs>
      <Loading>
        <div
          className="modal-mask"
        >
          <div
            className="loading d-flex justify-content-center"
          >
            <div
              className="spinner-grow text-secondary"
              role="status"
            >
              <span
                className="sr-only"
              >
                Loading...
              </span>
            </div>
          </div>
        </div>
      </Loading>
    </Jobs>
  </div>
</App>
`;

exports[`Job Should render correctly 1`] = `
<div>
  <Bootstrap(Table)
    borderless={true}
  >
    <tbody>
      <tr>
        <td
          className="label"
          colSpan={1}
        >
          Title:
        </td>
        <td
          colSpan={5}
        />
      </tr>
      <tr>
        <td
          className="label"
        >
          Date:
        </td>
        <td>
          10/09/2019
        </td>
        <td>
             
        </td>
        <td>
             
        </td>
        <td
          className="label"
        >
          Location:
        </td>
        <td />
        <td>
             
        </td>
        <td>
             
        </td>
      </tr>
      <tr>
        <td
          className="label"
          colSpan={1}
        >
          Applicants:
        </td>
        <td
          colSpan={5}
        />
      </tr>
      <tr>
        <td
          className="label"
          colSpan={1}
        >
          Description:
        </td>
        <td
          colSpan={5}
        />
      </tr>
    </tbody>
  </Bootstrap(Table)>
</div>
`;
